2019/10/15 20:02:06 logging.go:22: end log
